../Core/Src/main.c:36:6:print	136	static
../Core/Src/main.c:57:13:get_message_Callback	16	static
../Core/Src/main.c:77:13:range_spam_Callback	16	static
../Core/Src/main.c:97:20:set_low_cs	4	static
../Core/Src/main.c:101:20:set_high_cs	4	static
../Core/Src/main.c:115:20:send_message	16	static
../Core/Src/main.c:120:5:main	24	static
../Core/Src/main.c:209:6:SystemClock_Config	88	static
../Core/Src/main.c:248:13:MX_SPI1_Init	8	static
../Core/Src/main.c:280:13:MX_GPIO_Init	40	static
../Core/Src/main.c:319:6:Error_Handler	4	static,ignoring_inline_asm
