main.c:38:13:print	136	static
main.c:53:13:get_message_Callback	16	static
main.c:74:13:range_spam_Callback	16	static
main.c:95:20:set_low_cs	4	static
main.c:100:20:set_high_cs	4	static
main.c:105:20:send_message	16	static
main.c:111:20:set_low_cs_4350	4	static
main.c:116:20:set_high_cs_4350	4	static
main.c:121:5:main	40	static
main.c:203:6:SystemClock_Config	88	static
main.c:243:13:MX_SPI1_Init	8	static
main.c:264:13:MX_GPIO_Init	40	static
main.c:306:6:Error_Handler	4	static,ignoring_inline_asm
